// Vitest Snapshot v1, https://vitest.dev/guide/snapshot.html

exports[`CampaignView > entspricht dem erwarteten Mock-Snapshot des geladenen Zustands 1`] = `
"<nav data-v-8d2c146c="" class="campaign__nav" aria-label="Kampagnennavigation" data-testid="campaign-nav">
  <h2 data-v-8d2c146c="">Reich</h2>
  <ul data-v-8d2c146c="">
    <li data-v-8d2c146c="" data-testid="nav-colonies">Kolonien</li>
    <li data-v-8d2c146c="" data-testid="nav-population">Bevölkerung</li>
    <li data-v-8d2c146c="" data-testid="nav-economy">Grundversorgung</li>
  </ul>
  <p data-v-8d2c146c="" class="campaign__hint"> Wähle den Heimatplaneten in der Systemansicht, um das modale Kolonie- und Planetdetail zu öffnen. </p>
</nav>"
`;
